[emkkan-sa.com/index66cc.html]
[backblue.gif]
[fade.gif]
[index.html]
[emkkan-sa.com/css/main.css]
[emkkan-sa.com/css/mediaelementplayer-legacy.min08e108e1.css]
[emkkan-sa.com/css/wp-mediaelement.minc8d8c8d8.css]
[emkkan-sa.com/css/main71207120.css]
[emkkan-sa.com/css/blog71207120.css]
[emkkan-sa.com/css/jetpack71207120.css]
[emkkan-sa.com/css/navigation-471207120.css]
[emkkan-sa.com/css/footer-471207120.css]
[emkkan-sa.com/css/jetpackb7acb7ac.css]
[emkkan-sa.com/js/jquery.minaf6caf6c.js]
[emkkan-sa.com/js/jquery-migrate.mind617d617.js]
[emkkan-sa.com/css/fontawesome.min.css]
[emkkan-sa.com/css/font-awesome.css]
[maxcdn.bootstrapcdn.com/font-awesome/4.5.0/css/font-awesome.min.css]
[emkkan-sa.com/index.html]
[emkkan-sa.com/img/68f2176484884e85b985c89882724a40.png]
[emkkan-sa.com/index48a648a6.html]
[emkkan-sa.com/index55345534.html]
[emkkan-sa.com/index32043204.html]
[emkkan-sa.com/components.mywebsitebuilder.com/fonts/font-awesome.css]
[emkkan-sa.com/img/3.jpg]
[emkkan-sa.com/img/1.jpg]
[emkkan-sa.com/img/money.jpg]
[emkkan-sa.com/img/2.jpg]
[emkkan-sa.com/js/submitffc0ffc0.js]
[emkkan-sa.com/js/332.appf43bf43b.js]
[emkkan-sa.com/js/photon.min1c521c52.js]
[emkkan-sa.com/js/navigation-471207120.js]
[emkkan-sa.com/js/wp-embed.minc8d8c8d8.js]
[emkkan-sa.com/runtime.builderservices.io/runtime-endurance-default/bundle19fb19fb.js]
[emkkan-sa.com/stats.wp.com/e-202201.js]
[emkkan-sa.com/index66cc.html]
[emkkan-sa.com/css/main.css]
[emkkan-sa.com/css/mejs-controls.svg]
[emkkan-sa.com/css/mediaelementplayer-legacy.min08e108e1.css]
[emkkan-sa.com/css/wp-mediaelement.minc8d8c8d8.css]
[emkkan-sa.com/css/main71207120.css]
[emkkan-sa.com/css/blog71207120.css]
[emkkan-sa.com/css/jetpack71207120.css]
[emkkan-sa.com/css/navigation-471207120.css]
[emkkan-sa.com/css/footer-471207120.css]
[emkkan-sa.com/modules/shortcodes/img/slideshow-controls.png]
[emkkan-sa.com/modules/shortcodes/img/slideshow-controls-2x.png]
[emkkan-sa.com/modules/shortcodes/images/slide-nav.png]
[emkkan-sa.com/modules/shortcodes/images/expand.png]
[emkkan-sa.com/modules/shortcodes/images/collapse.png]
[emkkan-sa.com/secure.gravatar.com/images/grav-share-sprite.png]
[secure.gravatar.com/images/grav-share-sprite-2x.png]
[emkkan-sa.com/css/jetpackb7acb7ac.css]
[emkkan-sa.com/css/fontawesome.min.css]
[emkkan-sa.com/fonts/fontawesome-webfont3e6e.eot]
[emkkan-sa.com/fonts/fontawesome-webfontd41d.eot]
[emkkan-sa.com/fonts/fontawesome-webfont3e6e.woff2]
[emkkan-sa.com/fonts/fontawesome-webfont3e6e.woff]
[emkkan-sa.com/fonts/fontawesome-webfont3e6e.ttf]
[emkkan-sa.com/fonts/fontawesome-webfont3e6e.svg]
[emkkan-sa.com/css/font-awesome.css]
[maxcdn.bootstrapcdn.com/font-awesome/4.5.0/css/font-awesome.min.css]
[emkkan-sa.com/index.html]
[emkkan-sa.com/index48a648a6.html]
[emkkan-sa.com/index55345534.html]
[emkkan-sa.com/index32043204.html]
[emkkan-sa.com/components.mywebsitebuilder.com/fonts/font-awesome.html]
[emkkan-sa.com/runtime.builderservices.io/runtime-endurance-default/bundle19fb19fb.html]
[emkkan-sa.com/stats.wp.com/e-202201.html]
[emkkan-sa.com/css/mejs-controls.html]
[emkkan-sa.com/modules/shortcodes/img/slideshow-controls.html]
[emkkan-sa.com/modules/shortcodes/img/slideshow-controls-2x.html]
[emkkan-sa.com/modules/shortcodes/images/slide-nav.html]
[emkkan-sa.com/modules/shortcodes/images/expand.html]
[emkkan-sa.com/modules/shortcodes/images/collapse.html]
[emkkan-sa.com/secure.gravatar.com/images/grav-share-sprite.html]
[emkkan-sa.com/fonts/fontawesome-webfont3e6e.html]
[emkkan-sa.com/fonts/fontawesome-webfontd41d.html]
[emkkan-sa.com/fonts/fontawesome-webfont3e6e-2.html]
[emkkan-sa.com/fonts/fontawesome-webfont3e6e-3.html]
[emkkan-sa.com/fonts/fontawesome-webfont3e6e-4.html]
[emkkan-sa.com/fonts/fontawesome-webfont3e6e-5.html]
